#-----------------------------------------------------------
# Vivado v2025.1 (64-bit)
# SW Build 6140274 on Thu May 22 00:12:29 MDT 2025
# IP Build 6138677 on Thu May 22 03:10:11 MDT 2025
# SharedData Build 6139179 on Tue May 20 17:58:58 MDT 2025
# Start of session at: Wed Oct 22 17:55:49 2025
# Process ID         : 7356
# Current directory  : C:/Users/Thanmayee/full_adder_01/full_adder_01.runs/synth_1
# Command line       : vivado.exe -log full_adder_dataflow.vds -product Vivado -mode batch -messageDb vivado.pb -notrace -source full_adder_dataflow.tcl
# Log file           : C:/Users/Thanmayee/full_adder_01/full_adder_01.runs/synth_1/full_adder_dataflow.vds
# Journal file       : C:/Users/Thanmayee/full_adder_01/full_adder_01.runs/synth_1\vivado.jou
# Running On         : Ecstatic-08
# Platform           : Windows Server 2016 or Windows 10
# Operating System   : 26100
# Processor Detail   : AMD Ryzen 5 8540U w/ Radeon 740M Graphics      
# CPU Frequency      : 3194 MHz
# CPU Physical cores : 6
# CPU Logical cores  : 12
# Host memory        : 16398 MB
# Swap memory        : 2415 MB
# Total Virtual      : 18814 MB
# Available Virtual  : 5038 MB
#-----------------------------------------------------------
source full_adder_dataflow.tcl -notrace
